{
 "(0,0)@DOWN": {},
 "(0,0)@LEFT": {},
 "(0,0)@UP": {},
 "(1,0)@DOWN": {},
 "(1,0)@UP": {},
 "(2,0)@DOWN": {},
 "(2,0)@UP": {},
 "(3,0)@DOWN": {},
 "(3,0)@RIGHT": {},
 "(3,0)@UP": {}
}