{
 "(0,1)@LEFT": {},
 "(0,1)@UP": {},
 "(0,2)@DOWN": {},
 "(0,2)@LEFT": {},
 "(1,1)@RIGHT": {},
 "(1,1)@UP": {},
 "(1,2)@DOWN": {},
 "(1,2)@RIGHT": {}
}