{
 "(2,1)@LEFT": {},
 "(2,1)@RIGHT": {},
 "(2,1)@UP": {},
 "(2,2)@DOWN": {},
 "(2,2)@LEFT": {},
 "(3,2)@RIGHT": {},
 "(3,2)@UP": {},
 "(3,3)@DOWN": {},
 "(3,3)@LEFT": {},
 "(3,3)@RIGHT": {}
}